{
	"states": {
		"all": ["(q1, q1)"],
		"initial": ["(q1, q1)"],
		"marked": [
		    ["(q1, q1)"]
		],
		"bad": []
	},
	"events": {
		"all": [],
		"controllable": [
			[]
		],
		"observable": [
			[]
		]
	},
	"transitions": {
		"all": {},
		"bad": {}
	}
}
