{
    "states": {
        "all": [
            "{q1}",
            "{q3}",
            "{q2}",
            "{q4}"
        ],
        "bad": [],
        "initial": [
            "{q1}"
        ],
        "marked": [
            [
                "{q2}",
                "{q3}",
                "{q4}"
            ],
            [
                "{q2}",
                "{q3}",
                "{q4}"
            ],
            [
                "{q2}",
                "{q3}",
                "{q4}"
            ]
        ]
    },
    "events": {
        "all": [
            "a",
            "b"
        ],
        "attacker": [
            "a"
        ],
        "controllable": [
            [
                "a",
                "b"
            ],
            [
                "a"
            ],
            [
                "b"
            ]
        ],
        "observable": [
            [
                "a",
                "b"
            ],
            [
                "a"
            ],
            [
                "b"
            ]
        ]
    },
    "transitions": {
        "all": {
            "{q1}->a": [
                "{q2}"
            ],
            "{q1}->b": [
                "{q3}"
            ],
            "{q3}->a": [
                "{q4}"
            ]
        },
        "bad": {}
    }
}
